
> ship-fast-code@0.1.0 build
> cross-env NODE_OPTIONS=--max-old-space-size=4096 next build

   Γû▓ Next.js 14.1.4
   - Environments: .env.local

   Creating an optimized production build ...
 Γ£ô Compiled successfully
   Linting and checking validity of types ...
node.exe : 
At C:\Program Files\nodejs\npm.ps1:29 char:3
+   & $NODE_EXE $NPM_CLI_JS $args
+   ~~~~~~~~~~~~~~~~~~~~~~~~~~~~~
    + CategoryInfo          : NotSpecified: (:String) [], RemoteException
    + FullyQualifiedErrorId : NativeCommandError
 
Failed to compile.

./app/api/debug/invoices/route.ts
10:5  Warning: 'params' is defined but never used. Allowed unused args must match /^_/u.  
@typescript-eslint/no-unused-vars
10:25  Error: The `{}` ("empty object") type allows any non-nullish value, including literals like `0` 
and `""`.
- If that's what you want, disable this lint rule with an inline comment or configure the 
'allowObjectTypes' rule option.
- If you want a type meaning "any object", you probably want `object` instead.
- If you want a type meaning "any value", you probably want `unknown` instead.  
@typescript-eslint/no-empty-object-type
119:14  Warning: '_e' is defined but never used.  @typescript-eslint/no-unused-vars

./app/api/system/init/route.ts
7:27  Warning: 'req' is defined but never used. Allowed unused args must match /^_/u.  
@typescript-eslint/no-unused-vars

./app/api/vapi/call/route.ts
2:10  Warning: 'getServerSession' is defined but never used. Allowed unused vars must match /^_/u.  
@typescript-eslint/no-unused-vars
3:10  Warning: 'authOptions' is defined but never used. Allowed unused vars must match /^_/u.  
@typescript-eslint/no-unused-vars

./pages/api/stripe/webhook-test.ts
2:8  Warning: 'Stripe' is defined but never used. Allowed unused vars must match /^_/u.  
@typescript-eslint/no-unused-vars

./components/dashboard/AIAssistantManager.jsx
3:3  Warning: 'Bot' is defined but never used. Allowed unused vars must match /^_/u.  
@typescript-eslint/no-unused-vars
12:3  Warning: 'Edit' is defined but never used. Allowed unused vars must match /^_/u.  
@typescript-eslint/no-unused-vars
13:3  Warning: 'Trash2' is defined but never used. Allowed unused vars must match /^_/u.  
@typescript-eslint/no-unused-vars
15:3  Warning: 'Volume2' is defined but never used. Allowed unused vars must match /^_/u.  
@typescript-eslint/no-unused-vars
109:10  Warning: 'showCreateModal' is assigned a value but never used. Allowed unused vars must match 
/^_/u.  @typescript-eslint/no-unused-vars

./components/dashboard/AIAssistantManagerClean.tsx
13:3  Warning: 'Clock' is defined but never used. Allowed unused vars must match /^_/u.  
@typescript-eslint/no-unused-vars
15:3  Warning: 'Users' is defined but never used. Allowed unused vars must match /^_/u.  
@typescript-eslint/no-unused-vars
16:3  Warning: 'Edit3' is defined but never used. Allowed unused vars must match /^_/u.  
@typescript-eslint/no-unused-vars
17:3  Warning: 'MoreVertical' is defined but never used. Allowed unused vars must match /^_/u.  
@typescript-eslint/no-unused-vars
43:10  Warning: 'stats' is assigned a value but never used. Allowed unused vars must match /^_/u.  
@typescript-eslint/no-unused-vars
351:15  Warning: 'updatedAssistant' is assigned a value but never used. Allowed unused vars must match 
/^_/u.  @typescript-eslint/no-unused-vars
454:9  Warning: 'getStatusIcon' is assigned a value but never used. Allowed unused vars must match /^_/u. 
 @typescript-eslint/no-unused-vars

./components/dashboard/AnalyticsDashboard.jsx
10:3  Warning: 'Calendar' is defined but never used. Allowed unused vars must match /^_/u.  
@typescript-eslint/no-unused-vars
12:3  Warning: 'Filter' is defined but never used. Allowed unused vars must match /^_/u.  
@typescript-eslint/no-unused-vars
18:3  Warning: 'BarChart' is defined but never used. Allowed unused vars must match /^_/u.  
@typescript-eslint/no-unused-vars
19:3  Warning: 'Bar' is defined but never used. Allowed unused vars must match /^_/u.  
@typescript-eslint/no-unused-vars
275:53  Warning: 'index' is defined but never used. Allowed unused args must match /^_/u.  
@typescript-eslint/no-unused-vars

./components/dashboard/AnalyticsDashboard.tsx
25:3  Warning: 'Calendar' is defined but never used. Allowed unused vars must match /^_/u.  
@typescript-eslint/no-unused-vars
26:3  Warning: 'Download' is defined but never used. Allowed unused vars must match /^_/u.  
@typescript-eslint/no-unused-vars
27:3  Warning: 'Filter' is defined but never used. Allowed unused vars must match /^_/u.  
@typescript-eslint/no-unused-vars
73:21  Warning: 'setTimeRange' is assigned a value but never used. Allowed unused vars must match /^_/u.  
@typescript-eslint/no-unused-vars

./components/dashboard/BillingManagement.jsx
19:10  Warning: 'showAddPaymentMethod' is assigned a value but never used. Allowed unused vars must match 
/^_/u.  @typescript-eslint/no-unused-vars

./components/dashboard/BillingManagement.new.tsx
7:3  Warning: 'Calendar' is defined but never used. Allowed unused vars must match /^_/u.  
@typescript-eslint/no-unused-vars
8:3  Warning: 'DollarSign' is defined but never used. Allowed unused vars must match /^_/u.  
@typescript-eslint/no-unused-vars
9:3  Warning: 'TrendingUp' is defined but never used. Allowed unused vars must match /^_/u.  
@typescript-eslint/no-unused-vars
16:3  Warning: 'Edit3' is defined but never used. Allowed unused vars must match /^_/u.  
@typescript-eslint/no-unused-vars
90:35  Warning: 'forceRefresh' is assigned a value but never used. Allowed unused args must match /^_/u.  
@typescript-eslint/no-unused-vars

./components/dashboard/BillingManagement.tsx
6:3  Warning: 'Download' is defined but never used. Allowed unused vars must match /^_/u.  
@typescript-eslint/no-unused-vars
7:3  Warning: 'Calendar' is defined but never used. Allowed unused vars must match /^_/u.  
@typescript-eslint/no-unused-vars
8:3  Warning: 'DollarSign' is defined but never used. Allowed unused vars must match /^_/u.  
@typescript-eslint/no-unused-vars
9:3  Warning: 'TrendingUp' is defined but never used. Allowed unused vars must match /^_/u.  
@typescript-eslint/no-unused-vars
14:3  Warning: 'Settings' is defined but never used. Allowed unused vars must match /^_/u.  
@typescript-eslint/no-unused-vars
16:3  Warning: 'Edit3' is defined but never used. Allowed unused vars must match /^_/u.  
@typescript-eslint/no-unused-vars
89:10  Warning: 'dataLoaded' is assigned a value but never used. Allowed unused vars must match /^_/u.  
@typescript-eslint/no-unused-vars
275:6  Warning: React Hook useEffect has a missing dependency: 'fetchBillingData'. Either include it or 
remove the dependency array.  react-hooks/exhaustive-deps
395:9  Warning: 'handleManageSubscription' is assigned a value but never used. Allowed unused vars must 
match /^_/u.  @typescript-eslint/no-unused-vars

./components/dashboard/DashboardLayout.tsx
13:3  Warning: 'User' is defined but never used. Allowed unused vars must match /^_/u.  
@typescript-eslint/no-unused-vars
14:3  Warning: 'LogOut' is defined but never used. Allowed unused vars must match /^_/u.  
@typescript-eslint/no-unused-vars
15:3  Warning: 'HelpCircle' is defined but never used. Allowed unused vars must match /^_/u.  
@typescript-eslint/no-unused-vars

./components/dashboard/DashboardOverview.jsx
11:3  Warning: 'MessageSquare' is defined but never used. Allowed unused vars must match /^_/u.  
@typescript-eslint/no-unused-vars

./components/dashboard/DashboardOverview.tsx
13:3  Warning: 'MessageSquare' is defined but never used. Allowed unused vars must match /^_/u.  
@typescript-eslint/no-unused-vars
15:3  Warning: 'Plus' is defined but never used. Allowed unused vars must match /^_/u.  
@typescript-eslint/no-unused-vars

./components/dashboard/UserProfile.jsx
9:3  Warning: 'Key' is defined but never used. Allowed unused vars must match /^_/u.  
@typescript-eslint/no-unused-vars

./components/dashboard/UserProfile.tsx
6:3  Warning: 'Mail' is defined but never used. Allowed unused vars must match /^_/u.  
@typescript-eslint/no-unused-vars
7:3  Warning: 'Phone' is defined but never used. Allowed unused vars must match /^_/u.  
@typescript-eslint/no-unused-vars
9:3  Warning: 'Edit3' is defined but never used. Allowed unused vars must match /^_/u.  
@typescript-eslint/no-unused-vars
15:3  Warning: 'X' is defined but never used. Allowed unused vars must match /^_/u.  
@typescript-eslint/no-unused-vars
239:19  Warning: Using `<img>` could result in slower LCP and higher bandwidth. Consider using `<Image 
/>` from `next/image` or a custom image loader to automatically optimize images. This may incur 
additional usage or cost from your provider. See: https://nextjs.org/docs/messages/no-img-element  
@next/next/no-img-element

info  - Need to disable some ESLint rules? Learn more here: 
https://nextjs.org/docs/basic-features/eslint#disabling-rules
